Creating test database for alias 'default'...
........
----------------------------------------------------------------------
Ran 8 tests in 3.883s

OK
Destroying test database for alias 'default'...
Found 8 test(s).
System check identified no issues (0 silenced).
